<?xml version="1.0" encoding="UTF-8" ?>
<!--
  Licensed to the Apache Software Foundation (ASF) under one or more
  contributor license agreements.  See the NOTICE file distributed with
  this work for additional information regarding copyright ownership.
  The ASF licenses this file to You under the Apache License, Version 2.0
  (the "License"); you may not use this file except in compliance with
  the License.  You may obtain a copy of the License at

      http://www.apache.org/licenses/LICENSE-2.0

  Unless required by applicable law or agreed to in writing, software
  distributed under the License is distributed on an "AS IS" BASIS,
  WITHOUT WARRANTIES OR CONDITIONS OF ANY KIND, either express or implied.
  See the License for the specific language governing permissions and
  limitations under the License.
-->

<CSV>
  <header>
    <title>name prefix</title>
    <title>name last</title>
    <title>name first</title>
    <title>name middle</title>
    <title>name suffix</title>
    <title>nickname</title>
    <title>professional title</title>
    <title>political title</title>
    <title>rank political</title>
    <title>rank military</title>
    <title>gender</title>
  </header>
  <row>
    <field></field>
    <field>$B$2</field>
    <field></field>
    <field>$D$2</field>
    <field>$E$2</field>
    <field>$F$2</field>
    <field>$G$2</field>
    <field>$H$2</field>
    <field>$I$2</field>
    <field>$J$2</field>
    <field>$K$2</field>
  </row>
  <row>
    <field>$A$3</field>
    <field></field>
    <field>$C$3</field>
    <field></field>
    <field>$E$3</field>
    <field>$F$3</field>
    <field>$G$3</field>
    <field>$H$3</field>
    <field>$I$3</field>
    <field>$J$3</field>
    <field>$K$3</field>
  </row>
  <row>
    <field>$A$4</field>
    <field>$B$4</field>
    <field></field>
    <field>$D$4</field>
    <field></field>
    <field>$F$4</field>
    <field>$G$4</field>
    <field>$H$4</field>
    <field>$I$4</field>
    <field>$J$4</field>
    <field>$K$4</field>
  </row>
  <row>
    <field>$A$5</field>
    <field>$B$5</field>
    <field>$C$5</field>
    <field></field>
    <field>$E$5</field>
    <field></field>
    <field>$G$5</field>
    <field>$H$5</field>
    <field>$I$5</field>
    <field>$J$5</field>
    <field>$K$5</field>
  </row>
  <row>
    <field>$A$6</field>
    <field>$B$6</field>
    <field>$C$6</field>
    <field>$D$6</field>
    <field></field>
    <field>$F$6</field>
    <field></field>
    <field>$H$6</field>
    <field>$I$6</field>
    <field>$J$6</field>
    <field>$K$6</field>
  </row>
  <row>
    <field>$A$7</field>
    <field>$B$7</field>
    <field>$C$7</field>
    <field>$D$7</field>
    <field>$E$7</field>
    <field></field>
    <field>$G$7</field>
    <field></field>
    <field>$I$7</field>
    <field>$J$7</field>
    <field>$K$7</field>
  </row>
  <row>
    <field>$A$8</field>
    <field>$B$8</field>
    <field>$C$8</field>
    <field>$D$8</field>
    <field>$E$8</field>
    <field>$F$8</field>
    <field></field>
    <field>$H$8</field>
    <field></field>
    <field>$J$8</field>
    <field>$K$8</field>
  </row>
  <row>
    <field>$A$9</field>
    <field>$B$9</field>
    <field>$C$9</field>
    <field>$D$9</field>
    <field>$E$9</field>
    <field>$F$9</field>
    <field>$G$9</field>
    <field></field>
    <field>$I$9</field>
    <field></field>
    <field>$K$9</field>
  </row>
  <row>
    <field>$A$10</field>
    <field>$B$10</field>
    <field>$C$10</field>
    <field>$D$10</field>
    <field>$E$10</field>
    <field>$F$10</field>
    <field>$G$10</field>
    <field>$H$10</field>
    <field></field>
    <field>$J$10</field>
    <field></field>
  </row>
  <row>
    <field></field>
    <field>$B$11</field>
    <field>$C$11</field>
    <field>$D$11</field>
    <field>$E$11</field>
    <field>$F$11</field>
    <field>$G$11</field>
    <field>$H$11</field>
    <field>$I$11</field>
    <field></field>
    <field>$K$11</field>
  </row>
  <row>
    <field>$A$12</field>
    <field></field>
    <field>$C$12</field>
    <field>$D$12</field>
    <field>$E$12</field>
    <field>$F$12</field>
    <field>$G$12</field>
    <field>$H$12</field>
    <field>$I$12</field>
    <field>$J$12</field>
    <field></field>
  </row>
</CSV>
